------------------------------------------------------------
TimeQuest Timing Analyzer Summary
------------------------------------------------------------

Type  : Slow 1200mV 85C Model Setup 'clock_divider_module:clk_inst|divcounter[23]'
Slack : -37.290
TNS   : -977.812

Type  : Slow 1200mV 85C Model Setup 'clk'
Slack : -3.834
TNS   : -49.609

Type  : Slow 1200mV 85C Model Setup 'lcd_fifo:fifo_module_inst6|full_reg'
Slack : -3.161
TNS   : -592.693

Type  : Slow 1200mV 85C Model Setup 'lcd_fifo:fifo_module_inst6|buffer[0]'
Slack : -2.265
TNS   : -231.240

Type  : Slow 1200mV 85C Model Hold 'lcd_fifo:fifo_module_inst6|buffer[0]'
Slack : -1.144
TNS   : -103.307

Type  : Slow 1200mV 85C Model Hold 'clock_divider_module:clk_inst|divcounter[23]'
Slack : -0.729
TNS   : -1.781

Type  : Slow 1200mV 85C Model Hold 'lcd_fifo:fifo_module_inst6|full_reg'
Slack : -0.206
TNS   : -1.124

Type  : Slow 1200mV 85C Model Hold 'clk'
Slack : 0.635
TNS   : 0.000

Type  : Slow 1200mV 85C Model Minimum Pulse Width 'clk'
Slack : -3.000
TNS   : -39.000

Type  : Slow 1200mV 85C Model Minimum Pulse Width 'clock_divider_module:clk_inst|divcounter[23]'
Slack : -2.693
TNS   : -422.405

Type  : Slow 1200mV 85C Model Minimum Pulse Width 'lcd_fifo:fifo_module_inst6|full_reg'
Slack : 0.180
TNS   : 0.000

Type  : Slow 1200mV 85C Model Minimum Pulse Width 'lcd_fifo:fifo_module_inst6|buffer[0]'
Slack : 0.235
TNS   : 0.000

Type  : Slow 1200mV 0C Model Setup 'clock_divider_module:clk_inst|divcounter[23]'
Slack : -33.734
TNS   : -872.368

Type  : Slow 1200mV 0C Model Setup 'clk'
Slack : -3.421
TNS   : -43.043

Type  : Slow 1200mV 0C Model Setup 'lcd_fifo:fifo_module_inst6|full_reg'
Slack : -3.066
TNS   : -575.627

Type  : Slow 1200mV 0C Model Setup 'lcd_fifo:fifo_module_inst6|buffer[0]'
Slack : -2.167
TNS   : -213.513

Type  : Slow 1200mV 0C Model Hold 'lcd_fifo:fifo_module_inst6|buffer[0]'
Slack : -1.140
TNS   : -107.707

Type  : Slow 1200mV 0C Model Hold 'clock_divider_module:clk_inst|divcounter[23]'
Slack : -0.757
TNS   : -1.376

Type  : Slow 1200mV 0C Model Hold 'lcd_fifo:fifo_module_inst6|full_reg'
Slack : -0.192
TNS   : -0.675

Type  : Slow 1200mV 0C Model Hold 'clk'
Slack : 0.581
TNS   : 0.000

Type  : Slow 1200mV 0C Model Minimum Pulse Width 'clk'
Slack : -3.000
TNS   : -39.000

Type  : Slow 1200mV 0C Model Minimum Pulse Width 'clock_divider_module:clk_inst|divcounter[23]'
Slack : -2.649
TNS   : -418.665

Type  : Slow 1200mV 0C Model Minimum Pulse Width 'lcd_fifo:fifo_module_inst6|full_reg'
Slack : 0.066
TNS   : 0.000

Type  : Slow 1200mV 0C Model Minimum Pulse Width 'lcd_fifo:fifo_module_inst6|buffer[0]'
Slack : 0.183
TNS   : 0.000

Type  : Fast 1200mV 0C Model Setup 'clock_divider_module:clk_inst|divcounter[23]'
Slack : -17.921
TNS   : -367.766

Type  : Fast 1200mV 0C Model Setup 'lcd_fifo:fifo_module_inst6|full_reg'
Slack : -1.609
TNS   : -219.854

Type  : Fast 1200mV 0C Model Setup 'clk'
Slack : -1.438
TNS   : -13.985

Type  : Fast 1200mV 0C Model Setup 'lcd_fifo:fifo_module_inst6|buffer[0]'
Slack : -1.244
TNS   : -93.797

Type  : Fast 1200mV 0C Model Hold 'lcd_fifo:fifo_module_inst6|buffer[0]'
Slack : -0.799
TNS   : -88.427

Type  : Fast 1200mV 0C Model Hold 'lcd_fifo:fifo_module_inst6|full_reg'
Slack : -0.434
TNS   : -14.065

Type  : Fast 1200mV 0C Model Hold 'clock_divider_module:clk_inst|divcounter[23]'
Slack : -0.330
TNS   : -2.387

Type  : Fast 1200mV 0C Model Hold 'clk'
Slack : 0.289
TNS   : 0.000

Type  : Fast 1200mV 0C Model Minimum Pulse Width 'clk'
Slack : -3.000
TNS   : -27.299

Type  : Fast 1200mV 0C Model Minimum Pulse Width 'clock_divider_module:clk_inst|divcounter[23]'
Slack : -1.000
TNS   : -214.000

Type  : Fast 1200mV 0C Model Minimum Pulse Width 'lcd_fifo:fifo_module_inst6|buffer[0]'
Slack : 0.261
TNS   : 0.000

Type  : Fast 1200mV 0C Model Minimum Pulse Width 'lcd_fifo:fifo_module_inst6|full_reg'
Slack : 0.303
TNS   : 0.000

------------------------------------------------------------
