------------------------------------------------------------
TimeQuest Timing Analyzer Summary
------------------------------------------------------------

Type  : Slow 1200mV 85C Model Setup 'clock_divider_module:clk_inst|divcounter[23]'
Slack : -39.539
TNS   : -819.892

Type  : Slow 1200mV 85C Model Setup 'clk'
Slack : -3.822
TNS   : -49.772

Type  : Slow 1200mV 85C Model Setup 'lcd_fifo:fifo_module_inst4|full_reg'
Slack : -2.596
TNS   : -360.257

Type  : Slow 1200mV 85C Model Setup 'lcd_fifo:fifo_module_inst4|buffer[0]'
Slack : -2.593
TNS   : -364.689

Type  : Slow 1200mV 85C Model Hold 'lcd_fifo:fifo_module_inst4|buffer[0]'
Slack : -0.838
TNS   : -41.707

Type  : Slow 1200mV 85C Model Hold 'lcd_fifo:fifo_module_inst4|full_reg'
Slack : -0.779
TNS   : -33.533

Type  : Slow 1200mV 85C Model Hold 'clock_divider_module:clk_inst|divcounter[23]'
Slack : 0.080
TNS   : 0.000

Type  : Slow 1200mV 85C Model Hold 'clk'
Slack : 0.635
TNS   : 0.000

Type  : Slow 1200mV 85C Model Minimum Pulse Width 'clk'
Slack : -3.000
TNS   : -39.000

Type  : Slow 1200mV 85C Model Minimum Pulse Width 'clock_divider_module:clk_inst|divcounter[23]'
Slack : -2.693
TNS   : -224.483

Type  : Slow 1200mV 85C Model Minimum Pulse Width 'lcd_fifo:fifo_module_inst4|full_reg'
Slack : 0.227
TNS   : 0.000

Type  : Slow 1200mV 85C Model Minimum Pulse Width 'lcd_fifo:fifo_module_inst4|buffer[0]'
Slack : 0.269
TNS   : 0.000

Type  : Slow 1200mV 0C Model Setup 'clock_divider_module:clk_inst|divcounter[23]'
Slack : -35.780
TNS   : -736.820

Type  : Slow 1200mV 0C Model Setup 'clk'
Slack : -3.371
TNS   : -42.876

Type  : Slow 1200mV 0C Model Setup 'lcd_fifo:fifo_module_inst4|full_reg'
Slack : -2.354
TNS   : -368.061

Type  : Slow 1200mV 0C Model Setup 'lcd_fifo:fifo_module_inst4|buffer[0]'
Slack : -2.264
TNS   : -339.833

Type  : Slow 1200mV 0C Model Hold 'lcd_fifo:fifo_module_inst4|buffer[0]'
Slack : -0.800
TNS   : -45.980

Type  : Slow 1200mV 0C Model Hold 'lcd_fifo:fifo_module_inst4|full_reg'
Slack : -0.654
TNS   : -25.378

Type  : Slow 1200mV 0C Model Hold 'clock_divider_module:clk_inst|divcounter[23]'
Slack : 0.029
TNS   : 0.000

Type  : Slow 1200mV 0C Model Hold 'clk'
Slack : 0.579
TNS   : 0.000

Type  : Slow 1200mV 0C Model Minimum Pulse Width 'clk'
Slack : -3.000
TNS   : -39.000

Type  : Slow 1200mV 0C Model Minimum Pulse Width 'clock_divider_module:clk_inst|divcounter[23]'
Slack : -2.649
TNS   : -223.119

Type  : Slow 1200mV 0C Model Minimum Pulse Width 'lcd_fifo:fifo_module_inst4|full_reg'
Slack : 0.096
TNS   : 0.000

Type  : Slow 1200mV 0C Model Minimum Pulse Width 'lcd_fifo:fifo_module_inst4|buffer[0]'
Slack : 0.145
TNS   : 0.000

Type  : Fast 1200mV 0C Model Setup 'clock_divider_module:clk_inst|divcounter[23]'
Slack : -19.042
TNS   : -343.531

Type  : Fast 1200mV 0C Model Setup 'lcd_fifo:fifo_module_inst4|buffer[0]'
Slack : -1.935
TNS   : -153.094

Type  : Fast 1200mV 0C Model Setup 'lcd_fifo:fifo_module_inst4|full_reg'
Slack : -1.810
TNS   : -108.227

Type  : Fast 1200mV 0C Model Setup 'clk'
Slack : -1.440
TNS   : -14.182

Type  : Fast 1200mV 0C Model Hold 'lcd_fifo:fifo_module_inst4|full_reg'
Slack : -0.685
TNS   : -65.984

Type  : Fast 1200mV 0C Model Hold 'lcd_fifo:fifo_module_inst4|buffer[0]'
Slack : -0.587
TNS   : -44.164

Type  : Fast 1200mV 0C Model Hold 'clock_divider_module:clk_inst|divcounter[23]'
Slack : -0.066
TNS   : -0.285

Type  : Fast 1200mV 0C Model Hold 'clk'
Slack : 0.288
TNS   : 0.000

Type  : Fast 1200mV 0C Model Minimum Pulse Width 'clk'
Slack : -3.000
TNS   : -27.279

Type  : Fast 1200mV 0C Model Minimum Pulse Width 'clock_divider_module:clk_inst|divcounter[23]'
Slack : -1.000
TNS   : -125.004

Type  : Fast 1200mV 0C Model Minimum Pulse Width 'lcd_fifo:fifo_module_inst4|buffer[0]'
Slack : 0.271
TNS   : 0.000

Type  : Fast 1200mV 0C Model Minimum Pulse Width 'lcd_fifo:fifo_module_inst4|full_reg'
Slack : 0.276
TNS   : 0.000

------------------------------------------------------------
