------------------------------------------------------------
TimeQuest Timing Analyzer Summary
------------------------------------------------------------

Type  : Slow 1200mV 85C Model Setup 'clock_divider_module:clk_inst|divcounter[23]'
Slack : -6.588
TNS   : -528.316

Type  : Slow 1200mV 85C Model Setup 'clk'
Slack : -3.940
TNS   : -49.135

Type  : Slow 1200mV 85C Model Setup 'adder_module:adder_2_inst|output_1[10]'
Slack : -2.267
TNS   : -428.791

Type  : Slow 1200mV 85C Model Hold 'adder_module:adder_2_inst|output_1[10]'
Slack : -0.985
TNS   : -69.801

Type  : Slow 1200mV 85C Model Hold 'clock_divider_module:clk_inst|divcounter[23]'
Slack : 0.240
TNS   : 0.000

Type  : Slow 1200mV 85C Model Hold 'clk'
Slack : 0.635
TNS   : 0.000

Type  : Slow 1200mV 85C Model Minimum Pulse Width 'clk'
Slack : -3.000
TNS   : -39.000

Type  : Slow 1200mV 85C Model Minimum Pulse Width 'clock_divider_module:clk_inst|divcounter[23]'
Slack : -2.693
TNS   : -311.650

Type  : Slow 1200mV 85C Model Minimum Pulse Width 'adder_module:adder_2_inst|output_1[10]'
Slack : 0.231
TNS   : 0.000

Type  : Slow 1200mV 0C Model Setup 'clock_divider_module:clk_inst|divcounter[23]'
Slack : -5.931
TNS   : -466.651

Type  : Slow 1200mV 0C Model Setup 'clk'
Slack : -3.477
TNS   : -42.025

Type  : Slow 1200mV 0C Model Setup 'adder_module:adder_2_inst|output_1[10]'
Slack : -2.207
TNS   : -415.616

Type  : Slow 1200mV 0C Model Hold 'adder_module:adder_2_inst|output_1[10]'
Slack : -0.921
TNS   : -65.489

Type  : Slow 1200mV 0C Model Hold 'clock_divider_module:clk_inst|divcounter[23]'
Slack : 0.231
TNS   : 0.000

Type  : Slow 1200mV 0C Model Hold 'clk'
Slack : 0.582
TNS   : 0.000

Type  : Slow 1200mV 0C Model Minimum Pulse Width 'clk'
Slack : -3.000
TNS   : -39.000

Type  : Slow 1200mV 0C Model Minimum Pulse Width 'clock_divider_module:clk_inst|divcounter[23]'
Slack : -2.649
TNS   : -309.450

Type  : Slow 1200mV 0C Model Minimum Pulse Width 'adder_module:adder_2_inst|output_1[10]'
Slack : 0.280
TNS   : 0.000

Type  : Fast 1200mV 0C Model Setup 'clock_divider_module:clk_inst|divcounter[23]'
Slack : -3.255
TNS   : -177.628

Type  : Fast 1200mV 0C Model Setup 'clk'
Slack : -1.499
TNS   : -14.184

Type  : Fast 1200mV 0C Model Setup 'adder_module:adder_2_inst|output_1[10]'
Slack : -1.289
TNS   : -207.956

Type  : Fast 1200mV 0C Model Hold 'adder_module:adder_2_inst|output_1[10]'
Slack : -0.763
TNS   : -92.483

Type  : Fast 1200mV 0C Model Hold 'clock_divider_module:clk_inst|divcounter[23]'
Slack : -0.046
TNS   : -0.046

Type  : Fast 1200mV 0C Model Hold 'clk'
Slack : 0.288
TNS   : 0.000

Type  : Fast 1200mV 0C Model Minimum Pulse Width 'clk'
Slack : -3.000
TNS   : -27.336

Type  : Fast 1200mV 0C Model Minimum Pulse Width 'clock_divider_module:clk_inst|divcounter[23]'
Slack : -1.000
TNS   : -168.000

Type  : Fast 1200mV 0C Model Minimum Pulse Width 'adder_module:adder_2_inst|output_1[10]'
Slack : 0.280
TNS   : 0.000

------------------------------------------------------------
