------------------------------------------------------------
TimeQuest Timing Analyzer Summary
------------------------------------------------------------

Type  : Slow 1200mV 85C Model Setup 'clock_divider_module:clk_inst|divcounter[23]'
Slack : -14.777
TNS   : -593.437

Type  : Slow 1200mV 85C Model Setup 'clk'
Slack : -3.878
TNS   : -50.215

Type  : Slow 1200mV 85C Model Setup 'adder_module:adder_1_inst|output_1[0]'
Slack : -2.187
TNS   : -428.637

Type  : Slow 1200mV 85C Model Hold 'adder_module:adder_1_inst|output_1[0]'
Slack : -1.166
TNS   : -142.820

Type  : Slow 1200mV 85C Model Hold 'clock_divider_module:clk_inst|divcounter[23]'
Slack : -0.254
TNS   : -1.845

Type  : Slow 1200mV 85C Model Hold 'clk'
Slack : 0.635
TNS   : 0.000

Type  : Slow 1200mV 85C Model Minimum Pulse Width 'clk'
Slack : -3.000
TNS   : -39.000

Type  : Slow 1200mV 85C Model Minimum Pulse Width 'clock_divider_module:clk_inst|divcounter[23]'
Slack : -2.693
TNS   : -233.483

Type  : Slow 1200mV 85C Model Minimum Pulse Width 'adder_module:adder_1_inst|output_1[0]'
Slack : 0.161
TNS   : 0.000

Type  : Slow 1200mV 0C Model Setup 'clock_divider_module:clk_inst|divcounter[23]'
Slack : -13.274
TNS   : -530.459

Type  : Slow 1200mV 0C Model Setup 'clk'
Slack : -3.427
TNS   : -43.784

Type  : Slow 1200mV 0C Model Setup 'adder_module:adder_1_inst|output_1[0]'
Slack : -2.091
TNS   : -426.822

Type  : Slow 1200mV 0C Model Hold 'adder_module:adder_1_inst|output_1[0]'
Slack : -1.016
TNS   : -119.914

Type  : Slow 1200mV 0C Model Hold 'clock_divider_module:clk_inst|divcounter[23]'
Slack : -0.209
TNS   : -1.402

Type  : Slow 1200mV 0C Model Hold 'clk'
Slack : 0.582
TNS   : 0.000

Type  : Slow 1200mV 0C Model Minimum Pulse Width 'clk'
Slack : -3.000
TNS   : -39.000

Type  : Slow 1200mV 0C Model Minimum Pulse Width 'clock_divider_module:clk_inst|divcounter[23]'
Slack : -2.649
TNS   : -232.119

Type  : Slow 1200mV 0C Model Minimum Pulse Width 'adder_module:adder_1_inst|output_1[0]'
Slack : 0.100
TNS   : 0.000

Type  : Fast 1200mV 0C Model Setup 'clock_divider_module:clk_inst|divcounter[23]'
Slack : -6.915
TNS   : -233.051

Type  : Fast 1200mV 0C Model Setup 'clk'
Slack : -1.442
TNS   : -14.757

Type  : Fast 1200mV 0C Model Setup 'adder_module:adder_1_inst|output_1[0]'
Slack : -0.782
TNS   : -62.041

Type  : Fast 1200mV 0C Model Hold 'adder_module:adder_1_inst|output_1[0]'
Slack : -0.504
TNS   : -54.963

Type  : Fast 1200mV 0C Model Hold 'clock_divider_module:clk_inst|divcounter[23]'
Slack : -0.275
TNS   : -2.389

Type  : Fast 1200mV 0C Model Hold 'clk'
Slack : 0.289
TNS   : 0.000

Type  : Fast 1200mV 0C Model Minimum Pulse Width 'clk'
Slack : -3.000
TNS   : -27.324

Type  : Fast 1200mV 0C Model Minimum Pulse Width 'clock_divider_module:clk_inst|divcounter[23]'
Slack : -1.000
TNS   : -131.000

Type  : Fast 1200mV 0C Model Minimum Pulse Width 'adder_module:adder_1_inst|output_1[0]'
Slack : 0.196
TNS   : 0.000

------------------------------------------------------------
