Analysis & Elaboration report for KPN_Fixed_Point
Wed May 24 12:29:56 2017
Quartus Prime Version 16.1.0 Build 196 10/24/2016 SJ Lite Edition


---------------------
; Table of Contents ;
---------------------
  1. Legal Notice
  2. Analysis & Elaboration Summary
  3. Parallel Compilation
  4. Parameter Settings for User Entity Instance: clock_divider_module:clk_inst
  5. Parameter Settings for User Entity Instance: queue_module:queue_1_inst
  6. Parameter Settings for User Entity Instance: queue_module:queue_2_inst
  7. Parameter Settings for User Entity Instance: fifo_module:fifo_1_inst
  8. Parameter Settings for User Entity Instance: fifo_module:fifo_2_inst
  9. Parameter Settings for User Entity Instance: lcd_fifo:fifo_4_inst
 10. Analysis & Elaboration Settings
 11. Analysis & Elaboration Messages



----------------
; Legal Notice ;
----------------
Copyright (C) 2016  Intel Corporation. All rights reserved.
Your use of Intel Corporation's design tools, logic functions 
and other software and tools, and its AMPP partner logic 
functions, and any output files from any of the foregoing 
(including device programming or simulation files), and any 
associated documentation or information are expressly subject 
to the terms and conditions of the Intel Program License 
Subscription Agreement, the Intel Quartus Prime License Agreement,
the Intel MegaCore Function License Agreement, or other 
applicable license agreement, including, without limitation, 
that your use is for the sole purpose of programming logic 
devices manufactured by Intel and sold by Intel or its 
authorized distributors.  Please refer to the applicable 
agreement for further details.



+----------------------------------------------------------------------------------+
; Analysis & Elaboration Summary                                                   ;
+------------------------------------+---------------------------------------------+
; Analysis & Elaboration Status      ; Successful - Wed May 24 12:29:56 2017       ;
; Quartus Prime Version              ; 16.1.0 Build 196 10/24/2016 SJ Lite Edition ;
; Revision Name                      ; KPN_Fixed_Point                             ;
; Top-level Entity Name              ; top_module_lcd                              ;
; Family                             ; Cyclone IV GX                               ;
; Total logic elements               ; N/A until Partition Merge                   ;
;     Total combinational functions  ; N/A until Partition Merge                   ;
;     Dedicated logic registers      ; N/A until Partition Merge                   ;
; Total registers                    ; N/A until Partition Merge                   ;
; Total pins                         ; N/A until Partition Merge                   ;
; Total virtual pins                 ; N/A until Partition Merge                   ;
; Total memory bits                  ; N/A until Partition Merge                   ;
; Embedded Multiplier 9-bit elements ; N/A until Partition Merge                   ;
; Total GXB Receiver Channel PCS     ; N/A until Partition Merge                   ;
; Total GXB Receiver Channel PMA     ; N/A until Partition Merge                   ;
; Total GXB Transmitter Channel PCS  ; N/A until Partition Merge                   ;
; Total GXB Transmitter Channel PMA  ; N/A until Partition Merge                   ;
; Total PLLs                         ; N/A until Partition Merge                   ;
+------------------------------------+---------------------------------------------+


+------------------------------------------+
; Parallel Compilation                     ;
+----------------------------+-------------+
; Processors                 ; Number      ;
+----------------------------+-------------+
; Number detected on machine ; 4           ;
; Maximum allowed            ; 2           ;
;                            ;             ;
; Average used               ; 1.00        ;
; Maximum used               ; 1           ;
;                            ;             ;
; Usage by Processor         ; % Time Used ;
;     Processor 1            ; 100.0%      ;
+----------------------------+-------------+


+----------------------------------------------------------------------------+
; Parameter Settings for User Entity Instance: clock_divider_module:clk_inst ;
+----------------+----------+------------------------------------------------+
; Parameter Name ; Value    ; Type                                           ;
+----------------+----------+------------------------------------------------+
; M              ; 15000000 ; Signed Integer                                 ;
+----------------+----------+------------------------------------------------+
Note: In order to hide this table in the UI and the text report file, please set the "Show Parameter Settings in Synthesis Report" option in "Analysis and Synthesis Settings -> More Settings" to "Off".


+------------------------------------------------------------------------+
; Parameter Settings for User Entity Instance: queue_module:queue_1_inst ;
+--------------------------+-------+-------------------------------------+
; Parameter Name           ; Value ; Type                                ;
+--------------------------+-------+-------------------------------------+
; BITS_NUMBER              ; 16    ; Signed Integer                      ;
; FIFO_ELEMENTS            ; 5     ; Signed Integer                      ;
; NUMBER_OF_PRECHARGE_DATA ; 4     ; Signed Integer                      ;
+--------------------------+-------+-------------------------------------+
Note: In order to hide this table in the UI and the text report file, please set the "Show Parameter Settings in Synthesis Report" option in "Analysis and Synthesis Settings -> More Settings" to "Off".


+------------------------------------------------------------------------+
; Parameter Settings for User Entity Instance: queue_module:queue_2_inst ;
+--------------------------+-------+-------------------------------------+
; Parameter Name           ; Value ; Type                                ;
+--------------------------+-------+-------------------------------------+
; BITS_NUMBER              ; 16    ; Signed Integer                      ;
; FIFO_ELEMENTS            ; 5     ; Signed Integer                      ;
; NUMBER_OF_PRECHARGE_DATA ; 4     ; Signed Integer                      ;
+--------------------------+-------+-------------------------------------+
Note: In order to hide this table in the UI and the text report file, please set the "Show Parameter Settings in Synthesis Report" option in "Analysis and Synthesis Settings -> More Settings" to "Off".


+----------------------------------------------------------------------+
; Parameter Settings for User Entity Instance: fifo_module:fifo_1_inst ;
+----------------+-------+---------------------------------------------+
; Parameter Name ; Value ; Type                                        ;
+----------------+-------+---------------------------------------------+
; BITS_NUMBER    ; 16    ; Signed Integer                              ;
; FIFO_ELEMENTS  ; 5     ; Signed Integer                              ;
+----------------+-------+---------------------------------------------+
Note: In order to hide this table in the UI and the text report file, please set the "Show Parameter Settings in Synthesis Report" option in "Analysis and Synthesis Settings -> More Settings" to "Off".


+----------------------------------------------------------------------+
; Parameter Settings for User Entity Instance: fifo_module:fifo_2_inst ;
+----------------+-------+---------------------------------------------+
; Parameter Name ; Value ; Type                                        ;
+----------------+-------+---------------------------------------------+
; BITS_NUMBER    ; 16    ; Signed Integer                              ;
; FIFO_ELEMENTS  ; 5     ; Signed Integer                              ;
+----------------+-------+---------------------------------------------+
Note: In order to hide this table in the UI and the text report file, please set the "Show Parameter Settings in Synthesis Report" option in "Analysis and Synthesis Settings -> More Settings" to "Off".


+-------------------------------------------------------------------+
; Parameter Settings for User Entity Instance: lcd_fifo:fifo_4_inst ;
+----------------+-------+------------------------------------------+
; Parameter Name ; Value ; Type                                     ;
+----------------+-------+------------------------------------------+
; B              ; 16    ; Signed Integer                           ;
; W              ; 5     ; Signed Integer                           ;
+----------------+-------+------------------------------------------+
Note: In order to hide this table in the UI and the text report file, please set the "Show Parameter Settings in Synthesis Report" option in "Analysis and Synthesis Settings -> More Settings" to "Off".


+----------------------------------------------------------------------------------------------------------------------+
; Analysis & Elaboration Settings                                                                                      ;
+----------------------------------------------------------------------------+--------------------+--------------------+
; Option                                                                     ; Setting            ; Default Value      ;
+----------------------------------------------------------------------------+--------------------+--------------------+
; Device                                                                     ; EP4CGX150DF31C7    ;                    ;
; Top-level entity name                                                      ; top_module_lcd     ; KPN_Fixed_Point    ;
; Family name                                                                ; Cyclone IV GX      ; Cyclone V          ;
; Use smart compilation                                                      ; Off                ; Off                ;
; Enable parallel Assembler and TimeQuest Timing Analyzer during compilation ; On                 ; On                 ;
; Enable compact report table                                                ; Off                ; Off                ;
; Restructure Multiplexers                                                   ; Auto               ; Auto               ;
; Create Debugging Nodes for IP Cores                                        ; Off                ; Off                ;
; Preserve fewer node names                                                  ; On                 ; On                 ;
; OpenCore Plus hardware evaluation                                          ; Enable             ; Enable             ;
; Verilog Version                                                            ; Verilog_2001       ; Verilog_2001       ;
; VHDL Version                                                               ; VHDL_1993          ; VHDL_1993          ;
; State Machine Processing                                                   ; Auto               ; Auto               ;
; Safe State Machine                                                         ; Off                ; Off                ;
; Extract Verilog State Machines                                             ; On                 ; On                 ;
; Extract VHDL State Machines                                                ; On                 ; On                 ;
; Ignore Verilog initial constructs                                          ; Off                ; Off                ;
; Iteration limit for constant Verilog loops                                 ; 5000               ; 5000               ;
; Iteration limit for non-constant Verilog loops                             ; 250                ; 250                ;
; Add Pass-Through Logic to Inferred RAMs                                    ; On                 ; On                 ;
; Infer RAMs from Raw Logic                                                  ; On                 ; On                 ;
; Parallel Synthesis                                                         ; On                 ; On                 ;
; DSP Block Balancing                                                        ; Auto               ; Auto               ;
; NOT Gate Push-Back                                                         ; On                 ; On                 ;
; Power-Up Don't Care                                                        ; On                 ; On                 ;
; Remove Redundant Logic Cells                                               ; Off                ; Off                ;
; Remove Duplicate Registers                                                 ; On                 ; On                 ;
; Ignore CARRY Buffers                                                       ; Off                ; Off                ;
; Ignore CASCADE Buffers                                                     ; Off                ; Off                ;
; Ignore GLOBAL Buffers                                                      ; Off                ; Off                ;
; Ignore ROW GLOBAL Buffers                                                  ; Off                ; Off                ;
; Ignore LCELL Buffers                                                       ; Off                ; Off                ;
; Ignore SOFT Buffers                                                        ; On                 ; On                 ;
; Limit AHDL Integers to 32 Bits                                             ; Off                ; Off                ;
; Optimization Technique                                                     ; Balanced           ; Balanced           ;
; Carry Chain Length                                                         ; 70                 ; 70                 ;
; Auto Carry Chains                                                          ; On                 ; On                 ;
; Auto Open-Drain Pins                                                       ; On                 ; On                 ;
; Perform WYSIWYG Primitive Resynthesis                                      ; Off                ; Off                ;
; Auto ROM Replacement                                                       ; On                 ; On                 ;
; Auto RAM Replacement                                                       ; On                 ; On                 ;
; Auto DSP Block Replacement                                                 ; On                 ; On                 ;
; Auto Shift Register Replacement                                            ; Auto               ; Auto               ;
; Allow Shift Register Merging across Hierarchies                            ; Auto               ; Auto               ;
; Auto Clock Enable Replacement                                              ; On                 ; On                 ;
; Strict RAM Replacement                                                     ; Off                ; Off                ;
; Allow Synchronous Control Signals                                          ; On                 ; On                 ;
; Force Use of Synchronous Clear Signals                                     ; Off                ; Off                ;
; Auto RAM Block Balancing                                                   ; On                 ; On                 ;
; Auto RAM to Logic Cell Conversion                                          ; Off                ; Off                ;
; Auto Resource Sharing                                                      ; Off                ; Off                ;
; Allow Any RAM Size For Recognition                                         ; Off                ; Off                ;
; Allow Any ROM Size For Recognition                                         ; Off                ; Off                ;
; Allow Any Shift Register Size For Recognition                              ; Off                ; Off                ;
; Use LogicLock Constraints during Resource Balancing                        ; On                 ; On                 ;
; Ignore translate_off and synthesis_off directives                          ; Off                ; Off                ;
; Timing-Driven Synthesis                                                    ; On                 ; On                 ;
; Report Parameter Settings                                                  ; On                 ; On                 ;
; Report Source Assignments                                                  ; On                 ; On                 ;
; Report Connectivity Checks                                                 ; On                 ; On                 ;
; Ignore Maximum Fan-Out Assignments                                         ; Off                ; Off                ;
; Synchronization Register Chain Length                                      ; 2                  ; 2                  ;
; PowerPlay Power Optimization During Synthesis                              ; Normal compilation ; Normal compilation ;
; HDL message level                                                          ; Level2             ; Level2             ;
; Suppress Register Optimization Related Messages                            ; Off                ; Off                ;
; Number of Removed Registers Reported in Synthesis Report                   ; 5000               ; 5000               ;
; Number of Swept Nodes Reported in Synthesis Report                         ; 5000               ; 5000               ;
; Number of Inverted Registers Reported in Synthesis Report                  ; 100                ; 100                ;
; Clock MUX Protection                                                       ; On                 ; On                 ;
; Auto Gated Clock Conversion                                                ; Off                ; Off                ;
; Block Design Naming                                                        ; Auto               ; Auto               ;
; SDC constraint protection                                                  ; Off                ; Off                ;
; Synthesis Effort                                                           ; Auto               ; Auto               ;
; Shift Register Replacement - Allow Asynchronous Clear Signal               ; On                 ; On                 ;
; Pre-Mapping Resynthesis Optimization                                       ; Off                ; Off                ;
; Analysis & Synthesis Message Level                                         ; Medium             ; Medium             ;
; Disable Register Merging Across Hierarchies                                ; Auto               ; Auto               ;
; Resource Aware Inference For Block RAM                                     ; On                 ; On                 ;
+----------------------------------------------------------------------------+--------------------+--------------------+


+---------------------------------+
; Analysis & Elaboration Messages ;
+---------------------------------+
Info: *******************************************************************
Info: Running Quartus Prime Analysis & Elaboration
    Info: Version 16.1.0 Build 196 10/24/2016 SJ Lite Edition
    Info: Processing started: Wed May 24 12:29:34 2017
Info: Command: quartus_map --read_settings_files=on --write_settings_files=off KPN_Fixed_Point -c KPN_Fixed_Point --analysis_and_elaboration
Warning (18236): Number of processors has not been specified which may cause overloading on shared machines.  Set the global assignment NUM_PARALLEL_PROCESSORS in your QSF to an appropriate value for best performance.
Info (20030): Parallel compilation is enabled and will use 2 of the 2 processors detected
Info (12021): Found 1 design units, including 1 entities, in source file adder_module.v
    Info (12023): Found entity 1: adder_module File: C:/Users/Felipe/Desktop/Tec/ProyectoDiseno/ProyectoGithub/ProyectoRedesKPN/KPN_Modules/Modules_Implementation_Fixed_Point/adder_module.v Line: 1
Info (12021): Found 1 design units, including 1 entities, in source file adder_module_testbench.v
    Info (12023): Found entity 1: adder_module_testbench File: C:/Users/Felipe/Desktop/Tec/ProyectoDiseno/ProyectoGithub/ProyectoRedesKPN/KPN_Modules/Modules_Implementation_Fixed_Point/adder_module_testbench.v Line: 1
Info (12021): Found 1 design units, including 1 entities, in source file top_module.v
    Info (12023): Found entity 1: top_module File: C:/Users/Felipe/Desktop/Tec/ProyectoDiseno/ProyectoGithub/ProyectoRedesKPN/KPN_Modules/Modules_Implementation_Fixed_Point/top_module.v Line: 1
Info (12021): Found 1 design units, including 1 entities, in source file subtractor_module.v
    Info (12023): Found entity 1: subtractor_module File: C:/Users/Felipe/Desktop/Tec/ProyectoDiseno/ProyectoGithub/ProyectoRedesKPN/KPN_Modules/Modules_Implementation_Fixed_Point/subtractor_module.v Line: 1
Info (12021): Found 1 design units, including 1 entities, in source file subtractor_module_testbench.v
    Info (12023): Found entity 1: subtractor_module_testbench File: C:/Users/Felipe/Desktop/Tec/ProyectoDiseno/ProyectoGithub/ProyectoRedesKPN/KPN_Modules/Modules_Implementation_Fixed_Point/subtractor_module_testbench.v Line: 1
Info (12021): Found 1 design units, including 1 entities, in source file multiplier_module.v
    Info (12023): Found entity 1: multiplier_module File: C:/Users/Felipe/Desktop/Tec/ProyectoDiseno/ProyectoGithub/ProyectoRedesKPN/KPN_Modules/Modules_Implementation_Fixed_Point/multiplier_module.v Line: 1
Info (12021): Found 1 design units, including 1 entities, in source file multiplier_module_testbench.v
    Info (12023): Found entity 1: multiplier_module_testbench File: C:/Users/Felipe/Desktop/Tec/ProyectoDiseno/ProyectoGithub/ProyectoRedesKPN/KPN_Modules/Modules_Implementation_Fixed_Point/multiplier_module_testbench.v Line: 1
Info (12021): Found 1 design units, including 1 entities, in source file clock_divider_module.v
    Info (12023): Found entity 1: clock_divider_module File: C:/Users/Felipe/Desktop/Tec/ProyectoDiseno/ProyectoGithub/ProyectoRedesKPN/KPN_Modules/Modules_Implementation_Fixed_Point/clock_divider_module.v Line: 1
Info (12021): Found 1 design units, including 1 entities, in source file delay_module.v
    Info (12023): Found entity 1: delay_module File: C:/Users/Felipe/Desktop/Tec/ProyectoDiseno/ProyectoGithub/ProyectoRedesKPN/KPN_Modules/Modules_Implementation_Fixed_Point/delay_module.v Line: 1
Info (12021): Found 1 design units, including 1 entities, in source file fifo_module.v
    Info (12023): Found entity 1: fifo_module File: C:/Users/Felipe/Desktop/Tec/ProyectoDiseno/ProyectoGithub/ProyectoRedesKPN/KPN_Modules/Modules_Implementation_Fixed_Point/fifo_module.v Line: 1
Info (12021): Found 1 design units, including 1 entities, in source file lcd_fifo.v
    Info (12023): Found entity 1: lcd_fifo File: C:/Users/Felipe/Desktop/Tec/ProyectoDiseno/ProyectoGithub/ProyectoRedesKPN/KPN_Modules/Modules_Implementation_Fixed_Point/lcd_fifo.v Line: 2
Info (12021): Found 1 design units, including 1 entities, in source file queue_module.v
    Info (12023): Found entity 1: queue_module File: C:/Users/Felipe/Desktop/Tec/ProyectoDiseno/ProyectoGithub/ProyectoRedesKPN/KPN_Modules/Modules_Implementation_Fixed_Point/queue_module.v Line: 1
Info (12021): Found 1 design units, including 1 entities, in source file split_module.v
    Info (12023): Found entity 1: split_module File: C:/Users/Felipe/Desktop/Tec/ProyectoDiseno/ProyectoGithub/ProyectoRedesKPN/KPN_Modules/Modules_Implementation_Fixed_Point/split_module.v Line: 1
Info (12021): Found 1 design units, including 1 entities, in source file lcd_module.v
    Info (12023): Found entity 1: lcd_module File: C:/Users/Felipe/Desktop/Tec/ProyectoDiseno/ProyectoGithub/ProyectoRedesKPN/KPN_Modules/Modules_Implementation_Fixed_Point/lcd_module.v Line: 2
Info (12021): Found 1 design units, including 1 entities, in source file top_module_display.v
    Info (12023): Found entity 1: top_module_display File: C:/Users/Felipe/Desktop/Tec/ProyectoDiseno/ProyectoGithub/ProyectoRedesKPN/KPN_Modules/Modules_Implementation_Fixed_Point/top_module_display.v Line: 1
Info (12021): Found 1 design units, including 1 entities, in source file top_module_lcd.v
    Info (12023): Found entity 1: top_module_lcd File: C:/Users/Felipe/Desktop/Tec/ProyectoDiseno/ProyectoGithub/ProyectoRedesKPN/KPN_Modules/Modules_Implementation_Fixed_Point/top_module_lcd.v Line: 1
Info (12021): Found 1 design units, including 1 entities, in source file bcd_converter.v
    Info (12023): Found entity 1: bcd_converter File: C:/Users/Felipe/Desktop/Tec/ProyectoDiseno/ProyectoGithub/ProyectoRedesKPN/KPN_Modules/Modules_Implementation_Fixed_Point/bcd_converter.v Line: 1
Info (12021): Found 1 design units, including 1 entities, in source file write_to_display.v
    Info (12023): Found entity 1: write_to_display File: C:/Users/Felipe/Desktop/Tec/ProyectoDiseno/ProyectoGithub/ProyectoRedesKPN/KPN_Modules/Modules_Implementation_Fixed_Point/write_to_display.v Line: 1
Info (12021): Found 1 design units, including 1 entities, in source file top_module_lcd_testbench.v
    Info (12023): Found entity 1: top_module_lcd_testbench File: C:/Users/Felipe/Desktop/Tec/ProyectoDiseno/ProyectoGithub/ProyectoRedesKPN/KPN_Modules/Modules_Implementation_Fixed_Point/top_module_lcd_testbench.v Line: 1
Info (12127): Elaborating entity "top_module_lcd" for the top level hierarchy
Info (12128): Elaborating entity "clock_divider_module" for hierarchy "clock_divider_module:clk_inst" File: C:/Users/Felipe/Desktop/Tec/ProyectoDiseno/ProyectoGithub/ProyectoRedesKPN/KPN_Modules/Modules_Implementation_Fixed_Point/top_module_lcd.v Line: 77
Warning (10230): Verilog HDL assignment warning at clock_divider_module.v(28): truncated value with size 32 to match size of target (24) File: C:/Users/Felipe/Desktop/Tec/ProyectoDiseno/ProyectoGithub/ProyectoRedesKPN/KPN_Modules/Modules_Implementation_Fixed_Point/clock_divider_module.v Line: 28
Info (12128): Elaborating entity "queue_module" for hierarchy "queue_module:queue_1_inst" File: C:/Users/Felipe/Desktop/Tec/ProyectoDiseno/ProyectoGithub/ProyectoRedesKPN/KPN_Modules/Modules_Implementation_Fixed_Point/top_module_lcd.v Line: 80
Warning (10036): Verilog HDL or VHDL warning at queue_module.v(28): object "full_reg" assigned a value but never read File: C:/Users/Felipe/Desktop/Tec/ProyectoDiseno/ProyectoGithub/ProyectoRedesKPN/KPN_Modules/Modules_Implementation_Fixed_Point/queue_module.v Line: 28
Warning (10850): Verilog HDL warning at queue_module.v(55): number of words (4) in memory file does not match the number of elements in the address range [0:31] File: C:/Users/Felipe/Desktop/Tec/ProyectoDiseno/ProyectoGithub/ProyectoRedesKPN/KPN_Modules/Modules_Implementation_Fixed_Point/queue_module.v Line: 55
Warning (10230): Verilog HDL assignment warning at queue_module.v(67): truncated value with size 32 to match size of target (5) File: C:/Users/Felipe/Desktop/Tec/ProyectoDiseno/ProyectoGithub/ProyectoRedesKPN/KPN_Modules/Modules_Implementation_Fixed_Point/queue_module.v Line: 67
Warning (10030): Net "array_reg.data_a" at queue_module.v(23) has no driver or initial value, using a default initial value '0' File: C:/Users/Felipe/Desktop/Tec/ProyectoDiseno/ProyectoGithub/ProyectoRedesKPN/KPN_Modules/Modules_Implementation_Fixed_Point/queue_module.v Line: 23
Warning (10030): Net "array_reg.waddr_a" at queue_module.v(23) has no driver or initial value, using a default initial value '0' File: C:/Users/Felipe/Desktop/Tec/ProyectoDiseno/ProyectoGithub/ProyectoRedesKPN/KPN_Modules/Modules_Implementation_Fixed_Point/queue_module.v Line: 23
Warning (10030): Net "array_reg.we_a" at queue_module.v(23) has no driver or initial value, using a default initial value '0' File: C:/Users/Felipe/Desktop/Tec/ProyectoDiseno/ProyectoGithub/ProyectoRedesKPN/KPN_Modules/Modules_Implementation_Fixed_Point/queue_module.v Line: 23
Info (12128): Elaborating entity "fifo_module" for hierarchy "fifo_module:fifo_1_inst" File: C:/Users/Felipe/Desktop/Tec/ProyectoDiseno/ProyectoGithub/ProyectoRedesKPN/KPN_Modules/Modules_Implementation_Fixed_Point/top_module_lcd.v Line: 87
Warning (10036): Verilog HDL or VHDL warning at fifo_module.v(38): object "empty" assigned a value but never read File: C:/Users/Felipe/Desktop/Tec/ProyectoDiseno/ProyectoGithub/ProyectoRedesKPN/KPN_Modules/Modules_Implementation_Fixed_Point/fifo_module.v Line: 38
Warning (10036): Verilog HDL or VHDL warning at fifo_module.v(39): object "full" assigned a value but never read File: C:/Users/Felipe/Desktop/Tec/ProyectoDiseno/ProyectoGithub/ProyectoRedesKPN/KPN_Modules/Modules_Implementation_Fixed_Point/fifo_module.v Line: 39
Warning (10230): Verilog HDL assignment warning at fifo_module.v(84): truncated value with size 32 to match size of target (5) File: C:/Users/Felipe/Desktop/Tec/ProyectoDiseno/ProyectoGithub/ProyectoRedesKPN/KPN_Modules/Modules_Implementation_Fixed_Point/fifo_module.v Line: 84
Warning (10230): Verilog HDL assignment warning at fifo_module.v(85): truncated value with size 32 to match size of target (5) File: C:/Users/Felipe/Desktop/Tec/ProyectoDiseno/ProyectoGithub/ProyectoRedesKPN/KPN_Modules/Modules_Implementation_Fixed_Point/fifo_module.v Line: 85
Warning (10270): Verilog HDL Case Statement warning at fifo_module.v(91): incomplete case statement has no default case item File: C:/Users/Felipe/Desktop/Tec/ProyectoDiseno/ProyectoGithub/ProyectoRedesKPN/KPN_Modules/Modules_Implementation_Fixed_Point/fifo_module.v Line: 91
Info (12128): Elaborating entity "lcd_fifo" for hierarchy "lcd_fifo:fifo_4_inst" File: C:/Users/Felipe/Desktop/Tec/ProyectoDiseno/ProyectoGithub/ProyectoRedesKPN/KPN_Modules/Modules_Implementation_Fixed_Point/top_module_lcd.v Line: 99
Warning (10036): Verilog HDL or VHDL warning at lcd_fifo.v(24): object "wr_en" assigned a value but never read File: C:/Users/Felipe/Desktop/Tec/ProyectoDiseno/ProyectoGithub/ProyectoRedesKPN/KPN_Modules/Modules_Implementation_Fixed_Point/lcd_fifo.v Line: 24
Warning (10036): Verilog HDL or VHDL warning at lcd_fifo.v(25): object "empty" assigned a value but never read File: C:/Users/Felipe/Desktop/Tec/ProyectoDiseno/ProyectoGithub/ProyectoRedesKPN/KPN_Modules/Modules_Implementation_Fixed_Point/lcd_fifo.v Line: 25
Warning (10036): Verilog HDL or VHDL warning at lcd_fifo.v(26): object "full" assigned a value but never read File: C:/Users/Felipe/Desktop/Tec/ProyectoDiseno/ProyectoGithub/ProyectoRedesKPN/KPN_Modules/Modules_Implementation_Fixed_Point/lcd_fifo.v Line: 26
Warning (10230): Verilog HDL assignment warning at lcd_fifo.v(64): truncated value with size 32 to match size of target (5) File: C:/Users/Felipe/Desktop/Tec/ProyectoDiseno/ProyectoGithub/ProyectoRedesKPN/KPN_Modules/Modules_Implementation_Fixed_Point/lcd_fifo.v Line: 64
Warning (10230): Verilog HDL assignment warning at lcd_fifo.v(65): truncated value with size 32 to match size of target (5) File: C:/Users/Felipe/Desktop/Tec/ProyectoDiseno/ProyectoGithub/ProyectoRedesKPN/KPN_Modules/Modules_Implementation_Fixed_Point/lcd_fifo.v Line: 65
Warning (10270): Verilog HDL Case Statement warning at lcd_fifo.v(71): incomplete case statement has no default case item File: C:/Users/Felipe/Desktop/Tec/ProyectoDiseno/ProyectoGithub/ProyectoRedesKPN/KPN_Modules/Modules_Implementation_Fixed_Point/lcd_fifo.v Line: 71
Warning (10240): Verilog HDL Always Construct warning at lcd_fifo.v(64): inferring latch(es) for variable "count", which holds its previous value in one or more paths through the always construct File: C:/Users/Felipe/Desktop/Tec/ProyectoDiseno/ProyectoGithub/ProyectoRedesKPN/KPN_Modules/Modules_Implementation_Fixed_Point/lcd_fifo.v Line: 64
Warning (10240): Verilog HDL Always Construct warning at lcd_fifo.v(64): inferring latch(es) for variable "buffer", which holds its previous value in one or more paths through the always construct File: C:/Users/Felipe/Desktop/Tec/ProyectoDiseno/ProyectoGithub/ProyectoRedesKPN/KPN_Modules/Modules_Implementation_Fixed_Point/lcd_fifo.v Line: 64
Info (10041): Inferred latch for "buffer[0]" at lcd_fifo.v(64) File: C:/Users/Felipe/Desktop/Tec/ProyectoDiseno/ProyectoGithub/ProyectoRedesKPN/KPN_Modules/Modules_Implementation_Fixed_Point/lcd_fifo.v Line: 64
Info (10041): Inferred latch for "buffer[1]" at lcd_fifo.v(64) File: C:/Users/Felipe/Desktop/Tec/ProyectoDiseno/ProyectoGithub/ProyectoRedesKPN/KPN_Modules/Modules_Implementation_Fixed_Point/lcd_fifo.v Line: 64
Info (10041): Inferred latch for "buffer[2]" at lcd_fifo.v(64) File: C:/Users/Felipe/Desktop/Tec/ProyectoDiseno/ProyectoGithub/ProyectoRedesKPN/KPN_Modules/Modules_Implementation_Fixed_Point/lcd_fifo.v Line: 64
Info (10041): Inferred latch for "buffer[3]" at lcd_fifo.v(64) File: C:/Users/Felipe/Desktop/Tec/ProyectoDiseno/ProyectoGithub/ProyectoRedesKPN/KPN_Modules/Modules_Implementation_Fixed_Point/lcd_fifo.v Line: 64
Info (10041): Inferred latch for "buffer[4]" at lcd_fifo.v(64) File: C:/Users/Felipe/Desktop/Tec/ProyectoDiseno/ProyectoGithub/ProyectoRedesKPN/KPN_Modules/Modules_Implementation_Fixed_Point/lcd_fifo.v Line: 64
Info (10041): Inferred latch for "buffer[5]" at lcd_fifo.v(64) File: C:/Users/Felipe/Desktop/Tec/ProyectoDiseno/ProyectoGithub/ProyectoRedesKPN/KPN_Modules/Modules_Implementation_Fixed_Point/lcd_fifo.v Line: 64
Info (10041): Inferred latch for "buffer[6]" at lcd_fifo.v(64) File: C:/Users/Felipe/Desktop/Tec/ProyectoDiseno/ProyectoGithub/ProyectoRedesKPN/KPN_Modules/Modules_Implementation_Fixed_Point/lcd_fifo.v Line: 64
Info (10041): Inferred latch for "buffer[7]" at lcd_fifo.v(64) File: C:/Users/Felipe/Desktop/Tec/ProyectoDiseno/ProyectoGithub/ProyectoRedesKPN/KPN_Modules/Modules_Implementation_Fixed_Point/lcd_fifo.v Line: 64
Info (10041): Inferred latch for "buffer[8]" at lcd_fifo.v(64) File: C:/Users/Felipe/Desktop/Tec/ProyectoDiseno/ProyectoGithub/ProyectoRedesKPN/KPN_Modules/Modules_Implementation_Fixed_Point/lcd_fifo.v Line: 64
Info (10041): Inferred latch for "buffer[9]" at lcd_fifo.v(64) File: C:/Users/Felipe/Desktop/Tec/ProyectoDiseno/ProyectoGithub/ProyectoRedesKPN/KPN_Modules/Modules_Implementation_Fixed_Point/lcd_fifo.v Line: 64
Info (10041): Inferred latch for "buffer[10]" at lcd_fifo.v(64) File: C:/Users/Felipe/Desktop/Tec/ProyectoDiseno/ProyectoGithub/ProyectoRedesKPN/KPN_Modules/Modules_Implementation_Fixed_Point/lcd_fifo.v Line: 64
Info (10041): Inferred latch for "buffer[11]" at lcd_fifo.v(64) File: C:/Users/Felipe/Desktop/Tec/ProyectoDiseno/ProyectoGithub/ProyectoRedesKPN/KPN_Modules/Modules_Implementation_Fixed_Point/lcd_fifo.v Line: 64
Info (10041): Inferred latch for "buffer[12]" at lcd_fifo.v(64) File: C:/Users/Felipe/Desktop/Tec/ProyectoDiseno/ProyectoGithub/ProyectoRedesKPN/KPN_Modules/Modules_Implementation_Fixed_Point/lcd_fifo.v Line: 64
Info (10041): Inferred latch for "buffer[13]" at lcd_fifo.v(64) File: C:/Users/Felipe/Desktop/Tec/ProyectoDiseno/ProyectoGithub/ProyectoRedesKPN/KPN_Modules/Modules_Implementation_Fixed_Point/lcd_fifo.v Line: 64
Info (10041): Inferred latch for "buffer[14]" at lcd_fifo.v(64) File: C:/Users/Felipe/Desktop/Tec/ProyectoDiseno/ProyectoGithub/ProyectoRedesKPN/KPN_Modules/Modules_Implementation_Fixed_Point/lcd_fifo.v Line: 64
Info (10041): Inferred latch for "buffer[15]" at lcd_fifo.v(64) File: C:/Users/Felipe/Desktop/Tec/ProyectoDiseno/ProyectoGithub/ProyectoRedesKPN/KPN_Modules/Modules_Implementation_Fixed_Point/lcd_fifo.v Line: 64
Info (10041): Inferred latch for "count" at lcd_fifo.v(64) File: C:/Users/Felipe/Desktop/Tec/ProyectoDiseno/ProyectoGithub/ProyectoRedesKPN/KPN_Modules/Modules_Implementation_Fixed_Point/lcd_fifo.v Line: 64
Info (12128): Elaborating entity "adder_module" for hierarchy "adder_module:adder_1_inst" File: C:/Users/Felipe/Desktop/Tec/ProyectoDiseno/ProyectoGithub/ProyectoRedesKPN/KPN_Modules/Modules_Implementation_Fixed_Point/top_module_lcd.v Line: 109
Warning (10230): Verilog HDL assignment warning at adder_module.v(75): truncated value with size 32 to match size of target (12) File: C:/Users/Felipe/Desktop/Tec/ProyectoDiseno/ProyectoGithub/ProyectoRedesKPN/KPN_Modules/Modules_Implementation_Fixed_Point/adder_module.v Line: 75
Info (12128): Elaborating entity "bcd_converter" for hierarchy "bcd_converter:bcd_converter_inst" File: C:/Users/Felipe/Desktop/Tec/ProyectoDiseno/ProyectoGithub/ProyectoRedesKPN/KPN_Modules/Modules_Implementation_Fixed_Point/top_module_lcd.v Line: 118
Warning (10036): Verilog HDL or VHDL warning at bcd_converter.v(22): object "thousands" assigned a value but never read File: C:/Users/Felipe/Desktop/Tec/ProyectoDiseno/ProyectoGithub/ProyectoRedesKPN/KPN_Modules/Modules_Implementation_Fixed_Point/bcd_converter.v Line: 22
Warning (10230): Verilog HDL assignment warning at bcd_converter.v(42): truncated value with size 32 to match size of target (4) File: C:/Users/Felipe/Desktop/Tec/ProyectoDiseno/ProyectoGithub/ProyectoRedesKPN/KPN_Modules/Modules_Implementation_Fixed_Point/bcd_converter.v Line: 42
Warning (10230): Verilog HDL assignment warning at bcd_converter.v(45): truncated value with size 32 to match size of target (4) File: C:/Users/Felipe/Desktop/Tec/ProyectoDiseno/ProyectoGithub/ProyectoRedesKPN/KPN_Modules/Modules_Implementation_Fixed_Point/bcd_converter.v Line: 45
Warning (10230): Verilog HDL assignment warning at bcd_converter.v(48): truncated value with size 32 to match size of target (4) File: C:/Users/Felipe/Desktop/Tec/ProyectoDiseno/ProyectoGithub/ProyectoRedesKPN/KPN_Modules/Modules_Implementation_Fixed_Point/bcd_converter.v Line: 48
Warning (10230): Verilog HDL assignment warning at bcd_converter.v(51): truncated value with size 32 to match size of target (4) File: C:/Users/Felipe/Desktop/Tec/ProyectoDiseno/ProyectoGithub/ProyectoRedesKPN/KPN_Modules/Modules_Implementation_Fixed_Point/bcd_converter.v Line: 51
Info (12128): Elaborating entity "lcd_module" for hierarchy "lcd_module:write_to_lcd_inst" File: C:/Users/Felipe/Desktop/Tec/ProyectoDiseno/ProyectoGithub/ProyectoRedesKPN/KPN_Modules/Modules_Implementation_Fixed_Point/top_module_lcd.v Line: 121
Warning (10036): Verilog HDL or VHDL warning at lcd_module.v(38): object "entry_letter_counter" assigned a value but never read File: C:/Users/Felipe/Desktop/Tec/ProyectoDiseno/ProyectoGithub/ProyectoRedesKPN/KPN_Modules/Modules_Implementation_Fixed_Point/lcd_module.v Line: 38
Warning (10036): Verilog HDL or VHDL warning at lcd_module.v(49): object "need_to_read" assigned a value but never read File: C:/Users/Felipe/Desktop/Tec/ProyectoDiseno/ProyectoGithub/ProyectoRedesKPN/KPN_Modules/Modules_Implementation_Fixed_Point/lcd_module.v Line: 49
Warning (10036): Verilog HDL or VHDL warning at lcd_module.v(55): object "down_counter" assigned a value but never read File: C:/Users/Felipe/Desktop/Tec/ProyectoDiseno/ProyectoGithub/ProyectoRedesKPN/KPN_Modules/Modules_Implementation_Fixed_Point/lcd_module.v Line: 55
Warning (10230): Verilog HDL assignment warning at lcd_module.v(54): truncated value with size 16 to match size of target (5) File: C:/Users/Felipe/Desktop/Tec/ProyectoDiseno/ProyectoGithub/ProyectoRedesKPN/KPN_Modules/Modules_Implementation_Fixed_Point/lcd_module.v Line: 54
Warning (10230): Verilog HDL assignment warning at lcd_module.v(55): truncated value with size 16 to match size of target (5) File: C:/Users/Felipe/Desktop/Tec/ProyectoDiseno/ProyectoGithub/ProyectoRedesKPN/KPN_Modules/Modules_Implementation_Fixed_Point/lcd_module.v Line: 55
Warning (10230): Verilog HDL assignment warning at lcd_module.v(102): truncated value with size 16 to match size of target (5) File: C:/Users/Felipe/Desktop/Tec/ProyectoDiseno/ProyectoGithub/ProyectoRedesKPN/KPN_Modules/Modules_Implementation_Fixed_Point/lcd_module.v Line: 102
Warning (10230): Verilog HDL assignment warning at lcd_module.v(137): truncated value with size 32 to match size of target (5) File: C:/Users/Felipe/Desktop/Tec/ProyectoDiseno/ProyectoGithub/ProyectoRedesKPN/KPN_Modules/Modules_Implementation_Fixed_Point/lcd_module.v Line: 137
Warning (10230): Verilog HDL assignment warning at lcd_module.v(141): truncated value with size 32 to match size of target (5) File: C:/Users/Felipe/Desktop/Tec/ProyectoDiseno/ProyectoGithub/ProyectoRedesKPN/KPN_Modules/Modules_Implementation_Fixed_Point/lcd_module.v Line: 141
Warning (10230): Verilog HDL assignment warning at lcd_module.v(145): truncated value with size 32 to match size of target (5) File: C:/Users/Felipe/Desktop/Tec/ProyectoDiseno/ProyectoGithub/ProyectoRedesKPN/KPN_Modules/Modules_Implementation_Fixed_Point/lcd_module.v Line: 145
Warning (10230): Verilog HDL assignment warning at lcd_module.v(149): truncated value with size 16 to match size of target (5) File: C:/Users/Felipe/Desktop/Tec/ProyectoDiseno/ProyectoGithub/ProyectoRedesKPN/KPN_Modules/Modules_Implementation_Fixed_Point/lcd_module.v Line: 149
Warning (10230): Verilog HDL assignment warning at lcd_module.v(163): truncated value with size 32 to match size of target (7) File: C:/Users/Felipe/Desktop/Tec/ProyectoDiseno/ProyectoGithub/ProyectoRedesKPN/KPN_Modules/Modules_Implementation_Fixed_Point/lcd_module.v Line: 163
Warning (10230): Verilog HDL assignment warning at lcd_module.v(164): truncated value with size 32 to match size of target (3) File: C:/Users/Felipe/Desktop/Tec/ProyectoDiseno/ProyectoGithub/ProyectoRedesKPN/KPN_Modules/Modules_Implementation_Fixed_Point/lcd_module.v Line: 164
Warning (10230): Verilog HDL assignment warning at lcd_module.v(201): truncated value with size 32 to match size of target (7) File: C:/Users/Felipe/Desktop/Tec/ProyectoDiseno/ProyectoGithub/ProyectoRedesKPN/KPN_Modules/Modules_Implementation_Fixed_Point/lcd_module.v Line: 201
Info (12128): Elaborating entity "write_to_display" for hierarchy "write_to_display:display_inst" File: C:/Users/Felipe/Desktop/Tec/ProyectoDiseno/ProyectoGithub/ProyectoRedesKPN/KPN_Modules/Modules_Implementation_Fixed_Point/top_module_lcd.v Line: 125
Warning (10235): Verilog HDL Always Construct warning at write_to_display.v(81): variable "thousands" is read inside the Always Construct but isn't in the Always Construct's Event Control File: C:/Users/Felipe/Desktop/Tec/ProyectoDiseno/ProyectoGithub/ProyectoRedesKPN/KPN_Modules/Modules_Implementation_Fixed_Point/write_to_display.v Line: 81
Warning (10235): Verilog HDL Always Construct warning at write_to_display.v(85): variable "thousands" is read inside the Always Construct but isn't in the Always Construct's Event Control File: C:/Users/Felipe/Desktop/Tec/ProyectoDiseno/ProyectoGithub/ProyectoRedesKPN/KPN_Modules/Modules_Implementation_Fixed_Point/write_to_display.v Line: 85
Warning (10235): Verilog HDL Always Construct warning at write_to_display.v(89): variable "thousands" is read inside the Always Construct but isn't in the Always Construct's Event Control File: C:/Users/Felipe/Desktop/Tec/ProyectoDiseno/ProyectoGithub/ProyectoRedesKPN/KPN_Modules/Modules_Implementation_Fixed_Point/write_to_display.v Line: 89
Warning (10235): Verilog HDL Always Construct warning at write_to_display.v(93): variable "thousands" is read inside the Always Construct but isn't in the Always Construct's Event Control File: C:/Users/Felipe/Desktop/Tec/ProyectoDiseno/ProyectoGithub/ProyectoRedesKPN/KPN_Modules/Modules_Implementation_Fixed_Point/write_to_display.v Line: 93
Warning (10235): Verilog HDL Always Construct warning at write_to_display.v(97): variable "thousands" is read inside the Always Construct but isn't in the Always Construct's Event Control File: C:/Users/Felipe/Desktop/Tec/ProyectoDiseno/ProyectoGithub/ProyectoRedesKPN/KPN_Modules/Modules_Implementation_Fixed_Point/write_to_display.v Line: 97
Warning (10235): Verilog HDL Always Construct warning at write_to_display.v(101): variable "thousands" is read inside the Always Construct but isn't in the Always Construct's Event Control File: C:/Users/Felipe/Desktop/Tec/ProyectoDiseno/ProyectoGithub/ProyectoRedesKPN/KPN_Modules/Modules_Implementation_Fixed_Point/write_to_display.v Line: 101
Warning (10235): Verilog HDL Always Construct warning at write_to_display.v(105): variable "thousands" is read inside the Always Construct but isn't in the Always Construct's Event Control File: C:/Users/Felipe/Desktop/Tec/ProyectoDiseno/ProyectoGithub/ProyectoRedesKPN/KPN_Modules/Modules_Implementation_Fixed_Point/write_to_display.v Line: 105
Warning (10235): Verilog HDL Always Construct warning at write_to_display.v(109): variable "thousands" is read inside the Always Construct but isn't in the Always Construct's Event Control File: C:/Users/Felipe/Desktop/Tec/ProyectoDiseno/ProyectoGithub/ProyectoRedesKPN/KPN_Modules/Modules_Implementation_Fixed_Point/write_to_display.v Line: 109
Warning (10235): Verilog HDL Always Construct warning at write_to_display.v(113): variable "thousands" is read inside the Always Construct but isn't in the Always Construct's Event Control File: C:/Users/Felipe/Desktop/Tec/ProyectoDiseno/ProyectoGithub/ProyectoRedesKPN/KPN_Modules/Modules_Implementation_Fixed_Point/write_to_display.v Line: 113
Warning (10235): Verilog HDL Always Construct warning at write_to_display.v(117): variable "thousands" is read inside the Always Construct but isn't in the Always Construct's Event Control File: C:/Users/Felipe/Desktop/Tec/ProyectoDiseno/ProyectoGithub/ProyectoRedesKPN/KPN_Modules/Modules_Implementation_Fixed_Point/write_to_display.v Line: 117
Warning (10235): Verilog HDL Always Construct warning at write_to_display.v(133): variable "hundreds" is read inside the Always Construct but isn't in the Always Construct's Event Control File: C:/Users/Felipe/Desktop/Tec/ProyectoDiseno/ProyectoGithub/ProyectoRedesKPN/KPN_Modules/Modules_Implementation_Fixed_Point/write_to_display.v Line: 133
Warning (10235): Verilog HDL Always Construct warning at write_to_display.v(137): variable "hundreds" is read inside the Always Construct but isn't in the Always Construct's Event Control File: C:/Users/Felipe/Desktop/Tec/ProyectoDiseno/ProyectoGithub/ProyectoRedesKPN/KPN_Modules/Modules_Implementation_Fixed_Point/write_to_display.v Line: 137
Warning (10235): Verilog HDL Always Construct warning at write_to_display.v(141): variable "hundreds" is read inside the Always Construct but isn't in the Always Construct's Event Control File: C:/Users/Felipe/Desktop/Tec/ProyectoDiseno/ProyectoGithub/ProyectoRedesKPN/KPN_Modules/Modules_Implementation_Fixed_Point/write_to_display.v Line: 141
Warning (10235): Verilog HDL Always Construct warning at write_to_display.v(145): variable "hundreds" is read inside the Always Construct but isn't in the Always Construct's Event Control File: C:/Users/Felipe/Desktop/Tec/ProyectoDiseno/ProyectoGithub/ProyectoRedesKPN/KPN_Modules/Modules_Implementation_Fixed_Point/write_to_display.v Line: 145
Warning (10235): Verilog HDL Always Construct warning at write_to_display.v(149): variable "hundreds" is read inside the Always Construct but isn't in the Always Construct's Event Control File: C:/Users/Felipe/Desktop/Tec/ProyectoDiseno/ProyectoGithub/ProyectoRedesKPN/KPN_Modules/Modules_Implementation_Fixed_Point/write_to_display.v Line: 149
Warning (10235): Verilog HDL Always Construct warning at write_to_display.v(153): variable "hundreds" is read inside the Always Construct but isn't in the Always Construct's Event Control File: C:/Users/Felipe/Desktop/Tec/ProyectoDiseno/ProyectoGithub/ProyectoRedesKPN/KPN_Modules/Modules_Implementation_Fixed_Point/write_to_display.v Line: 153
Warning (10235): Verilog HDL Always Construct warning at write_to_display.v(157): variable "hundreds" is read inside the Always Construct but isn't in the Always Construct's Event Control File: C:/Users/Felipe/Desktop/Tec/ProyectoDiseno/ProyectoGithub/ProyectoRedesKPN/KPN_Modules/Modules_Implementation_Fixed_Point/write_to_display.v Line: 157
Warning (10235): Verilog HDL Always Construct warning at write_to_display.v(161): variable "hundreds" is read inside the Always Construct but isn't in the Always Construct's Event Control File: C:/Users/Felipe/Desktop/Tec/ProyectoDiseno/ProyectoGithub/ProyectoRedesKPN/KPN_Modules/Modules_Implementation_Fixed_Point/write_to_display.v Line: 161
Warning (10235): Verilog HDL Always Construct warning at write_to_display.v(165): variable "hundreds" is read inside the Always Construct but isn't in the Always Construct's Event Control File: C:/Users/Felipe/Desktop/Tec/ProyectoDiseno/ProyectoGithub/ProyectoRedesKPN/KPN_Modules/Modules_Implementation_Fixed_Point/write_to_display.v Line: 165
Warning (10235): Verilog HDL Always Construct warning at write_to_display.v(169): variable "hundreds" is read inside the Always Construct but isn't in the Always Construct's Event Control File: C:/Users/Felipe/Desktop/Tec/ProyectoDiseno/ProyectoGithub/ProyectoRedesKPN/KPN_Modules/Modules_Implementation_Fixed_Point/write_to_display.v Line: 169
Warning (10235): Verilog HDL Always Construct warning at write_to_display.v(191): variable "tens" is read inside the Always Construct but isn't in the Always Construct's Event Control File: C:/Users/Felipe/Desktop/Tec/ProyectoDiseno/ProyectoGithub/ProyectoRedesKPN/KPN_Modules/Modules_Implementation_Fixed_Point/write_to_display.v Line: 191
Warning (10235): Verilog HDL Always Construct warning at write_to_display.v(195): variable "tens" is read inside the Always Construct but isn't in the Always Construct's Event Control File: C:/Users/Felipe/Desktop/Tec/ProyectoDiseno/ProyectoGithub/ProyectoRedesKPN/KPN_Modules/Modules_Implementation_Fixed_Point/write_to_display.v Line: 195
Warning (10235): Verilog HDL Always Construct warning at write_to_display.v(199): variable "tens" is read inside the Always Construct but isn't in the Always Construct's Event Control File: C:/Users/Felipe/Desktop/Tec/ProyectoDiseno/ProyectoGithub/ProyectoRedesKPN/KPN_Modules/Modules_Implementation_Fixed_Point/write_to_display.v Line: 199
Warning (10235): Verilog HDL Always Construct warning at write_to_display.v(203): variable "tens" is read inside the Always Construct but isn't in the Always Construct's Event Control File: C:/Users/Felipe/Desktop/Tec/ProyectoDiseno/ProyectoGithub/ProyectoRedesKPN/KPN_Modules/Modules_Implementation_Fixed_Point/write_to_display.v Line: 203
Warning (10235): Verilog HDL Always Construct warning at write_to_display.v(207): variable "tens" is read inside the Always Construct but isn't in the Always Construct's Event Control File: C:/Users/Felipe/Desktop/Tec/ProyectoDiseno/ProyectoGithub/ProyectoRedesKPN/KPN_Modules/Modules_Implementation_Fixed_Point/write_to_display.v Line: 207
Warning (10235): Verilog HDL Always Construct warning at write_to_display.v(211): variable "tens" is read inside the Always Construct but isn't in the Always Construct's Event Control File: C:/Users/Felipe/Desktop/Tec/ProyectoDiseno/ProyectoGithub/ProyectoRedesKPN/KPN_Modules/Modules_Implementation_Fixed_Point/write_to_display.v Line: 211
Warning (10235): Verilog HDL Always Construct warning at write_to_display.v(215): variable "tens" is read inside the Always Construct but isn't in the Always Construct's Event Control File: C:/Users/Felipe/Desktop/Tec/ProyectoDiseno/ProyectoGithub/ProyectoRedesKPN/KPN_Modules/Modules_Implementation_Fixed_Point/write_to_display.v Line: 215
Warning (10235): Verilog HDL Always Construct warning at write_to_display.v(219): variable "tens" is read inside the Always Construct but isn't in the Always Construct's Event Control File: C:/Users/Felipe/Desktop/Tec/ProyectoDiseno/ProyectoGithub/ProyectoRedesKPN/KPN_Modules/Modules_Implementation_Fixed_Point/write_to_display.v Line: 219
Warning (10235): Verilog HDL Always Construct warning at write_to_display.v(223): variable "tens" is read inside the Always Construct but isn't in the Always Construct's Event Control File: C:/Users/Felipe/Desktop/Tec/ProyectoDiseno/ProyectoGithub/ProyectoRedesKPN/KPN_Modules/Modules_Implementation_Fixed_Point/write_to_display.v Line: 223
Warning (10235): Verilog HDL Always Construct warning at write_to_display.v(227): variable "tens" is read inside the Always Construct but isn't in the Always Construct's Event Control File: C:/Users/Felipe/Desktop/Tec/ProyectoDiseno/ProyectoGithub/ProyectoRedesKPN/KPN_Modules/Modules_Implementation_Fixed_Point/write_to_display.v Line: 227
Warning (10235): Verilog HDL Always Construct warning at write_to_display.v(250): variable "ones" is read inside the Always Construct but isn't in the Always Construct's Event Control File: C:/Users/Felipe/Desktop/Tec/ProyectoDiseno/ProyectoGithub/ProyectoRedesKPN/KPN_Modules/Modules_Implementation_Fixed_Point/write_to_display.v Line: 250
Warning (10235): Verilog HDL Always Construct warning at write_to_display.v(254): variable "ones" is read inside the Always Construct but isn't in the Always Construct's Event Control File: C:/Users/Felipe/Desktop/Tec/ProyectoDiseno/ProyectoGithub/ProyectoRedesKPN/KPN_Modules/Modules_Implementation_Fixed_Point/write_to_display.v Line: 254
Warning (10235): Verilog HDL Always Construct warning at write_to_display.v(258): variable "ones" is read inside the Always Construct but isn't in the Always Construct's Event Control File: C:/Users/Felipe/Desktop/Tec/ProyectoDiseno/ProyectoGithub/ProyectoRedesKPN/KPN_Modules/Modules_Implementation_Fixed_Point/write_to_display.v Line: 258
Warning (10235): Verilog HDL Always Construct warning at write_to_display.v(262): variable "ones" is read inside the Always Construct but isn't in the Always Construct's Event Control File: C:/Users/Felipe/Desktop/Tec/ProyectoDiseno/ProyectoGithub/ProyectoRedesKPN/KPN_Modules/Modules_Implementation_Fixed_Point/write_to_display.v Line: 262
Warning (10235): Verilog HDL Always Construct warning at write_to_display.v(266): variable "ones" is read inside the Always Construct but isn't in the Always Construct's Event Control File: C:/Users/Felipe/Desktop/Tec/ProyectoDiseno/ProyectoGithub/ProyectoRedesKPN/KPN_Modules/Modules_Implementation_Fixed_Point/write_to_display.v Line: 266
Warning (10235): Verilog HDL Always Construct warning at write_to_display.v(270): variable "ones" is read inside the Always Construct but isn't in the Always Construct's Event Control File: C:/Users/Felipe/Desktop/Tec/ProyectoDiseno/ProyectoGithub/ProyectoRedesKPN/KPN_Modules/Modules_Implementation_Fixed_Point/write_to_display.v Line: 270
Warning (10235): Verilog HDL Always Construct warning at write_to_display.v(274): variable "ones" is read inside the Always Construct but isn't in the Always Construct's Event Control File: C:/Users/Felipe/Desktop/Tec/ProyectoDiseno/ProyectoGithub/ProyectoRedesKPN/KPN_Modules/Modules_Implementation_Fixed_Point/write_to_display.v Line: 274
Warning (10235): Verilog HDL Always Construct warning at write_to_display.v(278): variable "ones" is read inside the Always Construct but isn't in the Always Construct's Event Control File: C:/Users/Felipe/Desktop/Tec/ProyectoDiseno/ProyectoGithub/ProyectoRedesKPN/KPN_Modules/Modules_Implementation_Fixed_Point/write_to_display.v Line: 278
Warning (10235): Verilog HDL Always Construct warning at write_to_display.v(282): variable "ones" is read inside the Always Construct but isn't in the Always Construct's Event Control File: C:/Users/Felipe/Desktop/Tec/ProyectoDiseno/ProyectoGithub/ProyectoRedesKPN/KPN_Modules/Modules_Implementation_Fixed_Point/write_to_display.v Line: 282
Warning (10235): Verilog HDL Always Construct warning at write_to_display.v(286): variable "ones" is read inside the Always Construct but isn't in the Always Construct's Event Control File: C:/Users/Felipe/Desktop/Tec/ProyectoDiseno/ProyectoGithub/ProyectoRedesKPN/KPN_Modules/Modules_Implementation_Fixed_Point/write_to_display.v Line: 286
Info: Quartus Prime Analysis & Elaboration was successful. 0 errors, 80 warnings
    Info: Peak virtual memory: 668 megabytes
    Info: Processing ended: Wed May 24 12:29:56 2017
    Info: Elapsed time: 00:00:22
    Info: Total CPU time (on all processors): 00:00:52


