------------------------------------------------------------
TimeQuest Timing Analyzer Summary
------------------------------------------------------------

Type  : Slow 1200mV 85C Model Setup 'clock_divider:lcd_clock_inst|divcounter[22]'
Slack : -4.143
TNS   : -112.272

Type  : Slow 1200mV 85C Model Setup 'show_entries'
Slack : -4.012
TNS   : -54.242

Type  : Slow 1200mV 85C Model Setup 'clock'
Slack : -3.819
TNS   : -47.523

Type  : Slow 1200mV 85C Model Hold 'clock_divider:lcd_clock_inst|divcounter[22]'
Slack : 0.392
TNS   : 0.000

Type  : Slow 1200mV 85C Model Hold 'clock'
Slack : 0.633
TNS   : 0.000

Type  : Slow 1200mV 85C Model Hold 'show_entries'
Slack : 1.298
TNS   : 0.000

Type  : Slow 1200mV 85C Model Minimum Pulse Width 'clock'
Slack : -3.000
TNS   : -37.500

Type  : Slow 1200mV 85C Model Minimum Pulse Width 'show_entries'
Slack : -3.000
TNS   : -3.000

Type  : Slow 1200mV 85C Model Minimum Pulse Width 'clock_divider:lcd_clock_inst|divcounter[22]'
Slack : -1.500
TNS   : -46.500

Type  : Slow 1200mV 0C Model Setup 'clock_divider:lcd_clock_inst|divcounter[22]'
Slack : -3.762
TNS   : -101.156

Type  : Slow 1200mV 0C Model Setup 'show_entries'
Slack : -3.579
TNS   : -48.207

Type  : Slow 1200mV 0C Model Setup 'clock'
Slack : -3.386
TNS   : -41.128

Type  : Slow 1200mV 0C Model Hold 'clock_divider:lcd_clock_inst|divcounter[22]'
Slack : 0.344
TNS   : 0.000

Type  : Slow 1200mV 0C Model Hold 'clock'
Slack : 0.580
TNS   : 0.000

Type  : Slow 1200mV 0C Model Hold 'show_entries'
Slack : 1.190
TNS   : 0.000

Type  : Slow 1200mV 0C Model Minimum Pulse Width 'clock'
Slack : -3.000
TNS   : -37.500

Type  : Slow 1200mV 0C Model Minimum Pulse Width 'show_entries'
Slack : -3.000
TNS   : -3.000

Type  : Slow 1200mV 0C Model Minimum Pulse Width 'clock_divider:lcd_clock_inst|divcounter[22]'
Slack : -1.500
TNS   : -46.500

Type  : Fast 1200mV 0C Model Setup 'show_entries'
Slack : -2.066
TNS   : -27.860

Type  : Fast 1200mV 0C Model Setup 'clock_divider:lcd_clock_inst|divcounter[22]'
Slack : -1.751
TNS   : -43.160

Type  : Fast 1200mV 0C Model Setup 'clock'
Slack : -1.448
TNS   : -13.361

Type  : Fast 1200mV 0C Model Hold 'clock_divider:lcd_clock_inst|divcounter[22]'
Slack : 0.120
TNS   : 0.000

Type  : Fast 1200mV 0C Model Hold 'clock'
Slack : 0.288
TNS   : 0.000

Type  : Fast 1200mV 0C Model Hold 'show_entries'
Slack : 0.520
TNS   : 0.000

Type  : Fast 1200mV 0C Model Minimum Pulse Width 'clock'
Slack : -3.000
TNS   : -26.266

Type  : Fast 1200mV 0C Model Minimum Pulse Width 'show_entries'
Slack : -3.000
TNS   : -3.000

Type  : Fast 1200mV 0C Model Minimum Pulse Width 'clock_divider:lcd_clock_inst|divcounter[22]'
Slack : -1.000
TNS   : -31.000

------------------------------------------------------------
