------------------------------------------------------------
TimeQuest Timing Analyzer Summary
------------------------------------------------------------

Type  : Slow 1200mV 85C Model Setup 'CLOCK_50'
Slack : -4.123
TNS   : -62.390

Type  : Slow 1200mV 85C Model Setup 'clock_divider:inst2|divcounter[25]'
Slack : -2.396
TNS   : -39.401

Type  : Slow 1200mV 85C Model Hold 'clock_divider:inst2|divcounter[25]'
Slack : 0.392
TNS   : 0.000

Type  : Slow 1200mV 85C Model Hold 'CLOCK_50'
Slack : 0.634
TNS   : 0.000

Type  : Slow 1200mV 85C Model Minimum Pulse Width 'CLOCK_50'
Slack : -3.000
TNS   : -42.000

Type  : Slow 1200mV 85C Model Minimum Pulse Width 'clock_divider:inst2|divcounter[25]'
Slack : -1.500
TNS   : -40.500

Type  : Slow 1200mV 0C Model Setup 'CLOCK_50'
Slack : -3.765
TNS   : -55.095

Type  : Slow 1200mV 0C Model Setup 'clock_divider:inst2|divcounter[25]'
Slack : -2.095
TNS   : -33.906

Type  : Slow 1200mV 0C Model Hold 'clock_divider:inst2|divcounter[25]'
Slack : 0.344
TNS   : 0.000

Type  : Slow 1200mV 0C Model Hold 'CLOCK_50'
Slack : 0.579
TNS   : 0.000

Type  : Slow 1200mV 0C Model Minimum Pulse Width 'CLOCK_50'
Slack : -3.000
TNS   : -42.000

Type  : Slow 1200mV 0C Model Minimum Pulse Width 'clock_divider:inst2|divcounter[25]'
Slack : -1.500
TNS   : -40.500

Type  : Fast 1200mV 0C Model Setup 'CLOCK_50'
Slack : -1.672
TNS   : -20.202

Type  : Fast 1200mV 0C Model Setup 'clock_divider:inst2|divcounter[25]'
Slack : -0.655
TNS   : -6.152

Type  : Fast 1200mV 0C Model Hold 'clock_divider:inst2|divcounter[25]'
Slack : 0.174
TNS   : 0.000

Type  : Fast 1200mV 0C Model Hold 'CLOCK_50'
Slack : 0.288
TNS   : 0.000

Type  : Fast 1200mV 0C Model Minimum Pulse Width 'CLOCK_50'
Slack : -3.000
TNS   : -29.377

Type  : Fast 1200mV 0C Model Minimum Pulse Width 'clock_divider:inst2|divcounter[25]'
Slack : -1.000
TNS   : -27.000

------------------------------------------------------------
