------------------------------------------------------------
TimeQuest Timing Analyzer Summary
------------------------------------------------------------

Type  : Slow 1200mV 85C Model Setup 'clk'
Slack : -4.244
TNS   : -62.645

Type  : Slow 1200mV 85C Model Setup 'clock_divider:clk_inst|divcounter[26]'
Slack : -2.244
TNS   : -43.786

Type  : Slow 1200mV 85C Model Hold 'clock_divider:clk_inst|divcounter[26]'
Slack : 0.309
TNS   : 0.000

Type  : Slow 1200mV 85C Model Hold 'clk'
Slack : 0.634
TNS   : 0.000

Type  : Slow 1200mV 85C Model Minimum Pulse Width 'clk'
Slack : -3.000
TNS   : -43.500

Type  : Slow 1200mV 85C Model Minimum Pulse Width 'clock_divider:clk_inst|divcounter[26]'
Slack : -2.693
TNS   : -72.167

Type  : Slow 1200mV 0C Model Setup 'clk'
Slack : -3.839
TNS   : -54.959

Type  : Slow 1200mV 0C Model Setup 'clock_divider:clk_inst|divcounter[26]'
Slack : -1.939
TNS   : -36.825

Type  : Slow 1200mV 0C Model Hold 'clock_divider:clk_inst|divcounter[26]'
Slack : 0.311
TNS   : 0.000

Type  : Slow 1200mV 0C Model Hold 'clk'
Slack : 0.580
TNS   : 0.000

Type  : Slow 1200mV 0C Model Minimum Pulse Width 'clk'
Slack : -3.000
TNS   : -43.500

Type  : Slow 1200mV 0C Model Minimum Pulse Width 'clock_divider:clk_inst|divcounter[26]'
Slack : -2.649
TNS   : -71.331

Type  : Fast 1200mV 0C Model Setup 'clk'
Slack : -1.689
TNS   : -19.477

Type  : Fast 1200mV 0C Model Setup 'clock_divider:clk_inst|divcounter[26]'
Slack : -0.341
TNS   : -5.456

Type  : Fast 1200mV 0C Model Hold 'clock_divider:clk_inst|divcounter[26]'
Slack : 0.120
TNS   : 0.000

Type  : Fast 1200mV 0C Model Hold 'clk'
Slack : 0.289
TNS   : 0.000

Type  : Fast 1200mV 0C Model Minimum Pulse Width 'clk'
Slack : -3.000
TNS   : -30.323

Type  : Fast 1200mV 0C Model Minimum Pulse Width 'clock_divider:clk_inst|divcounter[26]'
Slack : -1.000
TNS   : -33.000

------------------------------------------------------------
